<html>
<body>
<pre>
<h1>µVision Build Log</h1>
<h2>Project:</h2>
C:\StellarisWare\boards\ek-lm4f120xl\hello\hello.uvproj
Project File Date:  04/06/2013

<h2>Output:</h2>
Rebuild target 'hello'
compiling hello.c...
music.h(60): warning:  #1-D: last line of file ends without a newline
hello.c(127): error:  #165: too few arguments in function call
assembling startup_rvmdk.S...
compiling uartstdio.c...
Target not created
Rebuild target 'hello'
compiling hello.c...
music.h(60): warning:  #1-D: last line of file ends without a newline
assembling startup_rvmdk.S...
compiling uartstdio.c...
linking...
Program Size: Code=2536 RO-data=540 RW-data=1644 ZI-data=516  
User command #1: fromelf --bin --output .\rvmdk\hello.bin .\rvmdk\hello.axf
".\rvmdk\hello.axf" - 0 Error(s), 1 Warning(s).
Load "C:\\StellarisWare\\boards\\ek-lm4f120xl\\hello\\rvmdk\\hello.AXF" 
Connecting: Mode=JTAG, Speed=1000000Hz
Erase Done.
Programming Done.
Verify OK.
Rebuild target 'hello'
compiling hello.c...
music.h(60): warning:  #1-D: last line of file ends without a newline
assembling startup_rvmdk.S...
compiling uartstdio.c...
linking...
Program Size: Code=2532 RO-data=540 RW-data=1644 ZI-data=516  
User command #1: fromelf --bin --output .\rvmdk\hello.bin .\rvmdk\hello.axf
".\rvmdk\hello.axf" - 0 Error(s), 1 Warning(s).
Load "C:\\StellarisWare\\boards\\ek-lm4f120xl\\hello\\rvmdk\\hello.AXF" 
Connecting: Mode=JTAG, Speed=1000000Hz
Erase Done.
Programming Done.
Verify OK.
Rebuild target 'hello'
compiling hello.c...
music.h(60): warning:  #1-D: last line of file ends without a newline
hello.c(127): error:  #137: expression must be a modifiable lvalue
assembling startup_rvmdk.S...
compiling uartstdio.c...
Target not created
Rebuild target 'hello'
compiling hello.c...
music.h(60): warning:  #1-D: last line of file ends without a newline
assembling startup_rvmdk.S...
compiling uartstdio.c...
linking...
Program Size: Code=2532 RO-data=540 RW-data=1644 ZI-data=516  
User command #1: fromelf --bin --output .\rvmdk\hello.bin .\rvmdk\hello.axf
".\rvmdk\hello.axf" - 0 Error(s), 1 Warning(s).
Load "C:\\StellarisWare\\boards\\ek-lm4f120xl\\hello\\rvmdk\\hello.AXF" 
Connecting: Mode=JTAG, Speed=1000000Hz
Erase Done.
Programming Done.
Verify OK.
Rebuild target 'hello'
compiling hello.c...
music.h(60): warning:  #1-D: last line of file ends without a newline
assembling startup_rvmdk.S...
compiling uartstdio.c...
linking...
Program Size: Code=2532 RO-data=540 RW-data=1644 ZI-data=516  
User command #1: fromelf --bin --output .\rvmdk\hello.bin .\rvmdk\hello.axf
".\rvmdk\hello.axf" - 0 Error(s), 1 Warning(s).
Load "C:\\StellarisWare\\boards\\ek-lm4f120xl\\hello\\rvmdk\\hello.AXF" 
Connecting: Mode=JTAG, Speed=1000000Hz
Erase Done.
Programming Done.
Verify OK.
Rebuild target 'hello'
compiling hello.c...
music.h(60): warning:  #1-D: last line of file ends without a newline
assembling startup_rvmdk.S...
compiling uartstdio.c...
linking...
Program Size: Code=2664 RO-data=540 RW-data=1644 ZI-data=516  
User command #1: fromelf --bin --output .\rvmdk\hello.bin .\rvmdk\hello.axf
".\rvmdk\hello.axf" - 0 Error(s), 1 Warning(s).
Load "C:\\StellarisWare\\boards\\ek-lm4f120xl\\hello\\rvmdk\\hello.AXF" 
Connecting: Mode=JTAG, Speed=1000000Hz
Connection failed!, error code=&d
Rebuild target 'hello'
compiling hello.c...
music.h(60): warning:  #1-D: last line of file ends without a newline
assembling startup_rvmdk.S...
compiling uartstdio.c...
linking...
Program Size: Code=2664 RO-data=540 RW-data=1644 ZI-data=516  
User command #1: fromelf --bin --output .\rvmdk\hello.bin .\rvmdk\hello.axf
".\rvmdk\hello.axf" - 0 Error(s), 1 Warning(s).
Load "C:\\StellarisWare\\boards\\ek-lm4f120xl\\hello\\rvmdk\\hello.AXF" 
Connecting: Mode=JTAG, Speed=1000000Hz
Erase Done.
Programming Done.
Verify OK.
Rebuild target 'hello'
compiling hello.c...
music.h(60): warning:  #1-D: last line of file ends without a newline
assembling startup_rvmdk.S...
compiling uartstdio.c...
linking...
Program Size: Code=2688 RO-data=540 RW-data=1644 ZI-data=516  
User command #1: fromelf --bin --output .\rvmdk\hello.bin .\rvmdk\hello.axf
".\rvmdk\hello.axf" - 0 Error(s), 1 Warning(s).
Load "C:\\StellarisWare\\boards\\ek-lm4f120xl\\hello\\rvmdk\\hello.AXF" 
Connecting: Mode=JTAG, Speed=1000000Hz
Erase Done.
Programming Done.
Verify OK.
Rebuild target 'hello'
compiling hello.c...
music.h(59): error:  #146: too many initializer values
music.h(59): error:  #20: identifier "END" is undefined
music.h(62): warning:  #1-D: last line of file ends without a newline
assembling startup_rvmdk.S...
compiling uartstdio.c...
Target not created
Rebuild target 'hello'
compiling hello.c...
music.h(59): error:  #146: too many initializer values
music.h(59): error:  #20: identifier "END" is undefined
music.h(62): warning:  #1-D: last line of file ends without a newline
assembling startup_rvmdk.S...
compiling uartstdio.c...
Target not created
Rebuild target 'hello'
compiling hello.c...
music.h(60): error:  #146: too many initializer values
music.h(63): warning:  #1-D: last line of file ends without a newline
assembling startup_rvmdk.S...
compiling uartstdio.c...
Target not created
Rebuild target 'hello'
compiling hello.c...
music.h(63): warning:  #1-D: last line of file ends without a newline
assembling startup_rvmdk.S...
compiling uartstdio.c...
linking...
Program Size: Code=2688 RO-data=540 RW-data=1644 ZI-data=516  
User command #1: fromelf --bin --output .\rvmdk\hello.bin .\rvmdk\hello.axf
".\rvmdk\hello.axf" - 0 Error(s), 1 Warning(s).
Load "C:\\StellarisWare\\boards\\ek-lm4f120xl\\hello\\rvmdk\\hello.AXF" 
Connecting: Mode=JTAG, Speed=1000000Hz
Connection failed!, error code=&d
Rebuild target 'hello'
compiling hello.c...
music.h(63): warning:  #1-D: last line of file ends without a newline
assembling startup_rvmdk.S...
compiling uartstdio.c...
linking...
Program Size: Code=2688 RO-data=540 RW-data=1644 ZI-data=516  
User command #1: fromelf --bin --output .\rvmdk\hello.bin .\rvmdk\hello.axf
".\rvmdk\hello.axf" - 0 Error(s), 1 Warning(s).
Rebuild target 'hello'
compiling hello.c...
music.h(63): warning:  #1-D: last line of file ends without a newline
assembling startup_rvmdk.S...
compiling uartstdio.c...
linking...
Program Size: Code=2688 RO-data=540 RW-data=1644 ZI-data=516  
User command #1: fromelf --bin --output .\rvmdk\hello.bin .\rvmdk\hello.axf
".\rvmdk\hello.axf" - 0 Error(s), 1 Warning(s).
